// Jest Snapshot v1, https://goo.gl/fbAQLP

exports[`About page component rendering. Should match HOC snapshot.: Default HOC layout. 1`] = `
<Fragment>
  <MainHeader />
  <main
    className="content"
  >
    About page.
    <button
      onClick={[Function]}
    >
      Go home
    </button>
  </main>
</Fragment>
`;
