// Jest Snapshot v1, https://goo.gl/fbAQLP

exports[`Main header component rendering. Should match snapshot.: Default HOC layout. 1`] = `
<header
  className="root"
>
  <h2>
     Dreamplate 
  </h2>
  <button
    onClick={[Function]}
  >
     Toggle 
  </button>
</header>
`;
